Loading db file '/usr/cad/CBDK/CBDK018_UMC_Faraday_v1.0/orig_lib/fsa0m_a/2009Q2v2.0/GENERIC_CORE/FrontEnd/synopsys/fsa0m_a_generic_core_ss1p62v125c.db'
Loading db file '/home/johnsonliu-linux/Storage/VLSI_System_Design_Graduate/Homework/HW3/sim/SRAM/SRAM_WC.db'
Loading db file '/home/johnsonliu-linux/Storage/VLSI_System_Design_Graduate/Homework/HW3/sim/data_array/data_array_WC.db'
Loading db file '/home/johnsonliu-linux/Storage/VLSI_System_Design_Graduate/Homework/HW3/sim/tag_array/tag_array_WC.db'
Information: Propagating switching activity (low effort zero delay simulation). (PWR-6)
Warning: Design has unannotated primary inputs. (PWR-414)
Warning: Design has unannotated sequential cell outputs. (PWR-415)
Warning: Design has unannotated black box outputs. (PWR-428)
 
****************************************
Report : power
        -analysis_effort low
Design : top
Version: Q-2019.12
Date   : Wed Dec  1 01:32:08 2021
****************************************


Library(s) Used:

    fsa0m_a_generic_core_ss1p62v125c (File: /usr/cad/CBDK/CBDK018_UMC_Faraday_v1.0/orig_lib/fsa0m_a/2009Q2v2.0/GENERIC_CORE/FrontEnd/synopsys/fsa0m_a_generic_core_ss1p62v125c.db)
    SRAM_WC (File: /home/johnsonliu-linux/Storage/VLSI_System_Design_Graduate/Homework/HW3/sim/SRAM/SRAM_WC.db)
    tag_array_WC (File: /home/johnsonliu-linux/Storage/VLSI_System_Design_Graduate/Homework/HW3/sim/tag_array/tag_array_WC.db)
    data_array_WC (File: /home/johnsonliu-linux/Storage/VLSI_System_Design_Graduate/Homework/HW3/sim/data_array/data_array_WC.db)


Operating Conditions: WCCOM   Library: fsa0m_a_generic_core_ss1p62v125c
Wire Load Model Mode: enclosed

Design        Wire Load Model            Library
------------------------------------------------
top                    enG1000K          fsa0m_a_generic_core_ss1p62v125c
CPU_wrapper            enG200K           fsa0m_a_generic_core_ss1p62v125c
AXI                    enG5K             fsa0m_a_generic_core_ss1p62v125c
ROM_wrapper            enG5K             fsa0m_a_generic_core_ss1p62v125c
SRAM_wrapper_1         enG500K           fsa0m_a_generic_core_ss1p62v125c
DRAM_wrapper           enG5K             fsa0m_a_generic_core_ss1p62v125c
CPU                    enG30K            fsa0m_a_generic_core_ss1p62v125c
L1C_inst               enG50K            fsa0m_a_generic_core_ss1p62v125c
L1C_data               enG50K            fsa0m_a_generic_core_ss1p62v125c
AXIMaster_master0      enG5K             fsa0m_a_generic_core_ss1p62v125c
AXIMaster_master1      enG5K             fsa0m_a_generic_core_ss1p62v125c
ReadAXI                enG5K             fsa0m_a_generic_core_ss1p62v125c
WriteAXI               enG5K             fsa0m_a_generic_core_ss1p62v125c
AXISlave_2             enG5K             fsa0m_a_generic_core_ss1p62v125c
AXISlaveDRAM           enG5K             fsa0m_a_generic_core_ss1p62v125c
IF                     enG5K             fsa0m_a_generic_core_ss1p62v125c
ID                     enG30K            fsa0m_a_generic_core_ss1p62v125c
EXE                    enG10K            fsa0m_a_generic_core_ss1p62v125c
MEM                    enG5K             fsa0m_a_generic_core_ss1p62v125c
WB                     enG5K             fsa0m_a_generic_core_ss1p62v125c
data_array_wrapper_1   enG50K            fsa0m_a_generic_core_ss1p62v125c
tag_array_wrapper_1    enG10K            fsa0m_a_generic_core_ss1p62v125c
MasterRead_master_read0
                       enG5K             fsa0m_a_generic_core_ss1p62v125c
MasterWrite_master_write0
                       enG5K             fsa0m_a_generic_core_ss1p62v125c
MasterRead_master_read1
                       enG5K             fsa0m_a_generic_core_ss1p62v125c
MasterWrite_master_write1
                       enG5K             fsa0m_a_generic_core_ss1p62v125c
ReadArbiter            enG5K             fsa0m_a_generic_core_ss1p62v125c
ReadDecoder            enG5K             fsa0m_a_generic_core_ss1p62v125c
WriteArbiter           enG5K             fsa0m_a_generic_core_ss1p62v125c
WriteDecoder           enG5K             fsa0m_a_generic_core_ss1p62v125c
SlaveRead_2            enG5K             fsa0m_a_generic_core_ss1p62v125c
SlaveWrite_2           enG5K             fsa0m_a_generic_core_ss1p62v125c
SlaveReadDRAM          enG5K             fsa0m_a_generic_core_ss1p62v125c
SlaveWriteDRAM         enG5K             fsa0m_a_generic_core_ss1p62v125c
PC                     enG5K             fsa0m_a_generic_core_ss1p62v125c
Control                enG5K             fsa0m_a_generic_core_ss1p62v125c
Imm                    enG5K             fsa0m_a_generic_core_ss1p62v125c
R_File                 enG30K            fsa0m_a_generic_core_ss1p62v125c
Hazard                 enG5K             fsa0m_a_generic_core_ss1p62v125c
ALU                    enG5K             fsa0m_a_generic_core_ss1p62v125c
Forward                enG5K             fsa0m_a_generic_core_ss1p62v125c
SRAM_wrapper_0         enG500K           fsa0m_a_generic_core_ss1p62v125c
AXISlave_0             enG5K             fsa0m_a_generic_core_ss1p62v125c
AXISlave_1             enG5K             fsa0m_a_generic_core_ss1p62v125c
data_array_wrapper_0   enG50K            fsa0m_a_generic_core_ss1p62v125c
tag_array_wrapper_0    enG10K            fsa0m_a_generic_core_ss1p62v125c
SlaveRead_0            enG5K             fsa0m_a_generic_core_ss1p62v125c
SlaveRead_1            enG5K             fsa0m_a_generic_core_ss1p62v125c
SlaveWrite_0           enG5K             fsa0m_a_generic_core_ss1p62v125c
SlaveWrite_1           enG5K             fsa0m_a_generic_core_ss1p62v125c
SlaveReadDRAM_DW01_add_0
                       enG5K             fsa0m_a_generic_core_ss1p62v125c
ALU_DW01_add_0_DW01_add_8
                       enG5K             fsa0m_a_generic_core_ss1p62v125c
ALU_DW01_sub_0_DW01_sub_3
                       enG5K             fsa0m_a_generic_core_ss1p62v125c
ALU_DW01_add_1_DW01_add_9
                       enG5K             fsa0m_a_generic_core_ss1p62v125c
IF_DW01_add_0_DW01_add_10
                       enG5K             fsa0m_a_generic_core_ss1p62v125c
SlaveWrite_2_DW01_add_1_DW01_add_15
                       enG5K             fsa0m_a_generic_core_ss1p62v125c
SlaveReadDRAM_DW01_add_2
                       enG5K             fsa0m_a_generic_core_ss1p62v125c
SlaveWriteDRAM_DW01_add_1
                       enG5K             fsa0m_a_generic_core_ss1p62v125c
SlaveWrite_1_DW01_add_2
                       enG5K             fsa0m_a_generic_core_ss1p62v125c
SlaveWrite_0_DW01_add_2
                       enG5K             fsa0m_a_generic_core_ss1p62v125c
EXE_DW01_add_1         enG5K             fsa0m_a_generic_core_ss1p62v125c
SlaveRead_1_DW01_add_2 enG5K             fsa0m_a_generic_core_ss1p62v125c
SlaveRead_0_DW01_add_2 enG5K             fsa0m_a_generic_core_ss1p62v125c
SlaveRead_2_DW01_add_2 enG5K             fsa0m_a_generic_core_ss1p62v125c
ALU_DW01_cmp6_2        enG5K             fsa0m_a_generic_core_ss1p62v125c
ALU_DW01_cmp2_5        enG5K             fsa0m_a_generic_core_ss1p62v125c


Global Operating Voltage = 1.62 
Power-specific unit information :
    Voltage Units = 1V
    Capacitance Units = 1.000000pf
    Time Units = 1ns
    Dynamic Power Units = 1mW    (derived from V,C,T units)
    Leakage Power Units = 1pW


  Cell Internal Power  = 214.8073 mW   (99%)
  Net Switching Power  =   1.2145 mW    (1%)
                         ---------
Total Dynamic Power    = 216.0218 mW  (100%)

Cell Leakage Power     =   1.2942 mW


                 Internal         Switching           Leakage            Total
Power Group      Power            Power               Power              Power   (   %    )  Attrs
--------------------------------------------------------------------------------------------------
io_pad             0.0000            0.0000            0.0000            0.0000  (   0.00%)
memory           206.0357        8.2397e-02        1.2679e+09          207.3860  (  95.43%)
black_box          0.0000            0.0000            0.0000            0.0000  (   0.00%)
clock_network      0.0000            0.0000            0.0000            0.0000  (   0.00%)
register           8.3719        4.3847e-02        9.4736e+06            8.4252  (   3.88%)
sequential         0.0000            0.0000            0.0000            0.0000  (   0.00%)
combinational      0.3997            1.0882        1.6839e+07            1.5048  (   0.69%)
--------------------------------------------------------------------------------------------------
Total            214.8072 mW         1.2145 mW     1.2942e+09 pW       217.3160 mW
1
